// Jest Snapshot v1, https://goo.gl/fbAQLP

exports[`CardImage should render CardImage 1`] = `
<img
  className="productImg undefined"
/>
`;
