// Jest Snapshot v1, https://goo.gl/fbAQLP

exports[`CardTitle should render CardTitle 1`] = `
<span
  className="productDescription undefined"
>
  Mi titulo
</span>
`;
