// Jest Snapshot v1, https://goo.gl/fbAQLP

exports[`CardActions should render CardActions 1`] = `
<div
  className="buttonsContainer undefined"
/>
`;
